     1                                  global main
     2                                  extern printf;    imprimir_matriz formato, saltoLinea,matriz,CANT_COL,CANT_FIL,i,j
     3                                  extern scanf
     4                                  extern puts
     5                                  extern strcpy
     6                                  extern strcmp
     7                                  extern  system
     8                                  ;cancular direccion : %1 : fil %2 :col, %3: cantidad_columnas
     9                                  %macro calcular_direccion_de_una_posicion 3
    10                                          movzx   rax,    BYTE [%1]              ; rax = fila (ampliar a 64 bits para cálculos)
    11                                          dec     al                          ; fila - 1
    12                                          imul    rax,    %3                     ; (fila - 1) * CANT_COL
    13                                          movzx   rbx,    BYTE [%2]              ; rbx = columna (ampliar a 64 bits)
    14                                          add     rax,    rbx                    ; (fila - 1) * CANT_COL + columna
    15                                          dec     al                          ; índice base 0
    16                                  %endmacro
    17                                  
    18                                  
    19                                  ;--------------------------
    20                                  
    21                                  
    22                                  section .data
    23 00000000 20E2948FE29481E294-             linea_arriba                   db      " ┏━━━━━━━━━━━━━━━━━━━━━━━━━━━━━━━━━━━━┓",0
    23 00000009 81E29481E29481E294-
    23 00000012 81E29481E29481E294-
    23 0000001B 81E29481E29481E294-
    23 00000024 81E29481E29481E294-
    23 0000002D 81E29481E29481E294-
    23 00000036 81E29481E29481E294-
    23 0000003F 81E29481E29481E294-
    23 00000048 81E29481E29481E294-
    23 00000051 81E29481E29481E294-
    23 0000005A 81E29481E29481E294-
    23 00000063 81E29481E29481E294-
    23 0000006C 81E29481E2949300   
    24 00000074 E29481E29481E29481-             linea_abajo                   db      "━━━━━━━━━━━━━━━━━━━━━━━━━━━━━━━━━━━━┛",0
    24 0000007D E29481E29481E29481-
    24 00000086 E29481E29481E29481-
    24 0000008F E29481E29481E29481-
    24 00000098 E29481E29481E29481-
    24 000000A1 E29481E29481E29481-
    24 000000AA E29481E29481E29481-
    24 000000B3 E29481E29481E29481-
    24 000000BC E29481E29481E29481-
    24 000000C5 E29481E29481E29481-
    24 000000CE E29481E29481E29481-
    24 000000D7 E29481E29481E29481-
    24 000000E0 E2949B00           
    25 000000E4 20E2948300                      linea_vertical          db      " ┃",0
    26 000000E9 20202563202000                  formato                 db      '  %c  ', 0
    27 000000F0 0A00                            saltoLinea              db      10, 0
    28 000000F2 20205858582020                  matriz                  db      ' ', ' ', 'X', 'X', 'X', ' ', ' '  ; Fila 1
    29 000000F9 20205858582020                                          db      ' ', ' ', 'X', 'X', 'X', ' ', ' '  ; Fila 2
    30 00000100 58585858585858                                          db      'X', 'X', 'X', 'X', 'X', 'X', 'X'  ; Fila 3
    31 00000107 58585858585858                                          db      'X', 'X', 'X', 'X', 'X', 'X', 'X'  ; Fila 4
    32 0000010E 58582E2E2E5858                                          db      'X', 'X', '.', '.', '.', 'X', 'X'  ; Fila 5
    33 00000115 20202E2E4F2020                                          db      ' ', ' ', '.', '.', 'O', ' ', ' '  ; Fila 6
    34 0000011C 20204F2E2E2020                                          db      ' ', ' ', 'O', '.', '.', ' ', ' '  ; Fila 7
    35                                  
    36                                          CANT_FIL        equ     7
    37                                          CANT_COL        equ     7
    38                                          LONG_ELEM       equ     1
    39 00000123 2053656C656363696F-             cadena_pedir            db      " Seleccione una opcion ",10,0
    39 0000012C 6E6520756E61206F70-
    39 00000135 63696F6E200A00     
    40 0000013C 204C61206F7063696F-             opcion_incorrecta       db      " La opcion ingresada en invalida",0
    40 00000145 6E20696E6772657361-
    40 0000014E 646120656E20696E76-
    40 00000157 616C69646100       
    41 0000015D 20E29E8A2020706172-             tablero_normal          db      " ➊  para un tablero normal",0
    41 00000166 6120756E207461626C-
    41 0000016F 65726F206E6F726D61-
    41 00000178 6C00               
    42 0000017A 20E29E8B2020706172-             tablero_izquierda       db      " ➋  para un tablero rotado 90° a la izquierda ",0
    42 00000183 6120756E207461626C-
    42 0000018C 65726F20726F746164-
    42 00000195 6F203930C2B0206120-
    42 0000019E 6C6120697A71756965-
    42 000001A7 7264612000         
    43 000001AC 20E29E8C2020706172-             tablero_derecha         db      " ➌  para un tablero rotado 90° a la derecha ",0
    43 000001B5 6120756E207461626C-
    43 000001BE 65726F20726F746164-
    43 000001C7 6F203930C2B0206120-
    43 000001D0 6C6120646572656368-
    43 000001D9 612000             
    44 000001DC 20E29E8D2020706172-             tablero_abajo           db      " ➍  para un tablero rotado 180° ",0
    44 000001E5 6120756E207461626C-
    44 000001EE 65726F20726F746164-
    44 000001F7 6F20313830C2B02000 
    45 00000200 20F09F85B720207061-             opcion_salir            db      " 🅷  para salir",0
    45 00000209 72612073616C697200 
    46 00000212 20F09F868620205061-             opcion_arriba           db      " 🆆  Para moverte arriba",0
    46 0000021B 7261206D6F76657274-
    46 00000224 652061727269626100 
    47 0000022D 20F09F868220205061-             opcion_abajo            db      " 🆂  Para moverte abajo ",0
    47 00000236 7261206D6F76657274-
    47 0000023F 65206162616A6F2000 
    48 00000248 20F09F85B320205061-             opcion_derecha          db      " 🅳  Para moverte a la derecha",0
    48 00000251 7261206D6F76657274-
    48 0000025A 652061206C61206465-
    48 00000263 726563686100       
    49 00000269 20F09F85B020205061-             opcion_izquierda        db      " 🅰  Para moverte a la izquierda ",0
    49 00000272 7261206D6F76657274-
    49 0000027B 652061206C6120697A-
    49 00000284 717569657264612000 
    50 0000028D 20F09F868720205061-             opcion_inf_izquierda    db      " 🆇  Para moverte a la diagonal inferior derecha ",0
    50 00000296 7261206D6F76657274-
    50 0000029F 652061206C61206469-
    50 000002A8 61676F6E616C20696E-
    50 000002B1 666572696F72206465-
    50 000002BA 72656368612000     
    51 000002C1 20F09F868920205061-             opcion_inf_derecha      db      " 🆉  Para moverte a la diagonal inferior izquierda ",0
    51 000002CA 7261206D6F76657274-
    51 000002D3 652061206C61206469-
    51 000002DC 61676F6E616C20696E-
    51 000002E5 666572696F7220697A-
    51 000002EE 717569657264612000 
    52 000002F7 20F09F85B420205061-             opcion_sup_derecha      db      " 🅴  Para moverte a la diagonal superior derecha ",0
    52 00000300 7261206D6F76657274-
    52 00000309 652061206C61206469-
    52 00000312 61676F6E616C207375-
    52 0000031B 706572696F72206465-
    52 00000324 72656368612000     
    53 0000032B 20F09F868020205061-             opcion_sup_izquierda    db      " 🆀  Para moverte a la diagonal superior izquierda ",0
    53 00000334 7261206D6F76657274-
    53 0000033D 652061206C61206469-
    53 00000346 61676F6E616C207375-
    53 0000034F 706572696F7220697A-
    53 00000358 717569657264612000 
    54 00000361 20256300                        formato_Caracter        db      " %c",0
    55 00000365 4F                              primer_oficial          db      "O"
    56 00000366 4F                              segundo_oficial         db      "O"
    57 00000367 2E                              pos_vacia               db      "."
    58 00000368 636C65617200                    cmd_clear               db      "clear",0
    59 0000036E 0001050607080C0D23-             dirrecciones_invalidas  db      0,1,5,6,7,8,12,13,35,36,40,41,42,43,47,48
    59 00000377 2428292A2B2F30     
    60                                  
    61                                  
    62                                  section .bss
    63 00000000 ??                              i                               resb    1
    64 00000001 ??                              j                               resb    1
    65 00000002 ??                              opcion_ingresada                resb    1
    66 00000003 <res 31h>                       tablero                         resb    CANT_FIL*CANT_COL ; tablero a llenar
    67 00000034 <res 31h>                       tablero_espejo                  resb    CANT_FIL*CANT_COL
    68 00000065 <res 31h>                       tablero_rotacion_derecha        resb    49
    69 00000096 <res 31h>                       tablero_rotacion_izquierda      resb    49
    70 000000C7 ??                              x                               resb    1
    71 000000C8 ??                              y                               resb    1
    72                                  
    73                                  
    74                                  ;rotar derecha =>  %1:matriz,%2:tablero_rotacion_derecha
    75                                  %macro rotar_derecha 2
    76                                          mov     BYTE [i],      1
    77                                          mov     BYTE [j],      1
    78                                  %%inicio:
    79                                          cmp     BYTE [i],      CANT_FIL          
    80                                          jg      %%aca
    81                                  
    82                                          cmp     BYTE [j],      CANT_COL        
    83                                          jg      %%cambioFila
    84                                  
    85                                          calcular_direccion_de_una_posicion  j,i,CANT_COL
    86                                          movzx   rdx, BYTE [%1 + rax]   
    87                                  
    88                                          calcular_direccion_de_una_posicion i,j, CANT_COL
    89                                          mov     [%2 + rax], rdx  
    90                                  
    91                                          inc     BYTE [j]                   
    92                                          jmp     %%inicio                     
    93                                  
    94                                  %%cambioFila:
    95                                          inc     BYTE [i]                  
    96                                          mov     BYTE [j],    1            
    97                                          jmp     %%inicio
    98                                  %%aca:
    99                                  %endmacro
   100                                  
   101                                  ; imprime la matriz => %1 :matriz 
   102                                  %macro imprimir_matriz 1
   103                                          mov     BYTE [i],      1           ; Inicializar fila (1 byte)
   104                                          mov     BYTE [j],      1           ; Inicializar columna (1 byte)
   105                                          imprimir_opcion         linea_arriba
   106                                          imprimir        linea_vertical
   107                                  
   108                                  %%inicio:
   109                                          cmp     BYTE [i],      CANT_FIL          ; Verificar si se llegó al final de las filas
   110                                          jg      %%fin
   111                                          cmp     BYTE [j],      CANT_COL          ; Verificar si se llegó al final de las columnas
   112                                          jg      %%cambioFila
   113                                          calcular_direccion_de_una_posicion      i,j,CANT_COL
   114                                  
   115                                          movzx   rdx, BYTE [%1 + rax]        ; Cargar carácter desde matriz
   116                                          ; Imprimir el carácter
   117                                          sub     rsp,    8
   118                                          mov     rdi,   formato
   119                                          mov     rsi,    rdx                    ; El carácter se pasa en rsi
   120                                          call    printf
   121                                          add     rsp,    8
   122                                  
   123                                          inc     BYTE [j]
   124                                          jmp     %%inicio
   125                                  
   126                                  %%cambioFila:
   127                                          imprimir        linea_vertical
   128                                          imprimir        saltoLinea
   129                                          imprimir        linea_vertical
   130                                  
   131                                          inc     BYTE    [i]                   ; Ir a la siguiente fila
   132                                          mov     BYTE    [j],   1                ; Reiniciar columna
   133                                          jmp     %%inicio
   134                                  %%fin:
   135                                          imprimir_opcion         linea_abajo
   136                                  %endmacro
   137                                  %macro imprimir_opcion 1
   138                                          mov     rdi,%1       
   139                                          sub     rsp,    8 
   140                                          call    puts           
   141                                          add     rsp,    8 
   142                                  %endmacro
   143                                  %macro imprimir 1
   144                                          mov     rdi,%1       
   145                                          sub     rsp,    8 
   146                                          call    printf           
   147                                          add     rsp,    8 
   148                                  %endmacro
   149                                  ;imprimir pos validas para oficial=> %1 : fil,%2:col 
   150                                  %macro imprimir_pos_validas 2
   151                                          imprimir_opcion      opcion_salir
   152                                          mov     BYTE    [i],    -1    
   153                                          mov     BYTE    [j],    -1      
   154                                          mov     r12B,    %1    ;fila
   155                                          mov     r13B,    %2      ;col
   156                                          mov     [x],     r12B
   157                                          mov     [y],     r13B
   158                                  %%filas:
   159                                          cmp     BYTE    [i],    1
   160                                          jg      %%fin             ;fin del analisis
   161                                  
   162                                          mov     [x],     r12B
   163                                          mov     r8B,     [i]
   164                                          add     [x],    r8B
   165                                  %%columnas:
   166                                          mov     [y],     r13B
   167                                          mov     r8B,     [j]
   168                                          add     [y],    r8B
   169                                  
   170                                          calcular_direccion_de_una_posicion       x,y,CANT_COL    ;pos en al
   171                                          mov     rcx,    17
   172                                  %%posiciones_invalidas:
   173                                          movzx   r8,     BYTE [dirrecciones_invalidas+rcx]
   174                                          cmp     rax,    r8 
   175                                          je      %%continuar
   176                                          loop    %%posiciones_invalidas 
   177                                          ; la pos es valida 
   178                                          mov     dl,    [pos_vacia]
   179                                          cmp     BYTE    [matriz+ rax],          dl           
   180                                          je      %%pos_valida
   181                                  %%continuar:
   182                                          inc     BYTE    [j]
   183                                          cmp     BYTE    [j],    1
   184                                          jle     %%columnas        ; si j es <=1 volvemos a repetir con j+1
   185                                          inc     BYTE    [i]
   186                                          mov     BYTE    [j],    -1
   187                                          jmp      %%filas           ; si j >1, incrementamos i ,y volvemos a filas
   188                                  
   189                                  
   190                                  %%pos_valida:
   191                                          cmp     [x],    r12B
   192                                          jl      %%fila_menor
   193                                          je      %%fila_igual
   194                                          jg      %%fila_mayor
   195                                  
   196                                  %%fila_mayor:
   197                                          cmp     [y],    r13B
   198                                          jg      %%poner_inf_derecha
   199                                          je      %%poner_inf_abajo
   200                                          jl      %%poner_inf_izquierda
   201                                  
   202                                  %%fila_igual:
   203                                          cmp     [y],    r13B
   204                                          jl      %%poner_izquierda
   205                                          jg      %%poner_derecha
   206                                  
   207                                  %%fila_menor:
   208                                          cmp     [y],    r13B
   209                                          jg      %%poner_sup_derecha
   210                                          je      %%poner_sup_arriba
   211                                          jl      %%poner_sup_izquierda
   212                                  
   213                                  %%poner_inf_derecha:
   214                                          imprimir_opcion     opcion_inf_derecha
   215                                          jmp     %%continuar
   216                                  %%poner_inf_abajo:
   217                                          imprimir_opcion     opcion_abajo
   218                                          jmp     %%continuar
   219                                  
   220                                  %%poner_inf_izquierda:
   221                                          imprimir_opcion     opcion_inf_izquierda
   222                                          jmp     %%continuar
   223                                  
   224                                  %%poner_derecha:
   225                                          imprimir_opcion     opcion_derecha
   226                                          jmp     %%continuar
   227                                  
   228                                  %%poner_izquierda:
   229                                          imprimir_opcion     opcion_izquierda
   230                                          jmp     %%continuar
   231                                  
   232                                  %%poner_sup_izquierda:
   233                                          imprimir_opcion     opcion_sup_izquierda
   234                                          jmp     %%continuar
   235                                  
   236                                  %%poner_sup_arriba:
   237                                          imprimir_opcion     opcion_arriba
   238                                          jmp     %%continuar
   239                                  
   240                                  %%poner_sup_derecha:
   241                                          imprimir_opcion     opcion_sup_derecha
   242                                          jmp     %%continuar
   243                                  
   244                                  %%fin:
   245                                  %endmacro
   246                                  
   247                                  ;voltea la matriz hacia abajo %1 matriz fuente, %2: matriz destino
   248                                  %macro tablero_vertical 2
   249                                          mov     rdi,    0       ;direccion inicio
   250                                          mov     rsi,    48     ;direccion final 
   251                                  %%espejo:
   252                                          cmp     rdi,   rsi
   253                                          jg      %%fin_tablero_espejo
   254                                          mov     al, [%1 + rdi]   ; inicio
   255                                          mov     dl, [%1 + rsi]   
   256                                  
   257                                          mov     [%2 + rdi], dl
   258                                          mov     [%2 + rsi], al
   259                                  
   260                                          inc     rdi
   261                                          dec     rsi
   262                                          jmp     %%espejo
   263                                  
   264                                  %%fin_tablero_espejo:
   265                                  %endmacro   
   266                                  ; => %1 : opcion ingresada, %2 : opcion a comparar
   267                                  %macro  comparar_opciones 2
   268                                          mov     al,    [%1]
   269                                          mov     bl,    %2
   270                                          cmp     al,    bl
   271                                  %endmacro
   272                                  
   273                                  %macro copiar_matriz 1
   274                                          mov     rcx,    0
   275                                  %%inicio:
   276                                          cmp     rcx,    49
   277                                          jg      %%fin
   278                                          mov     al,     [%1+ rcx]
   279                                          mov     [tablero+rcx], al
   280                                          inc     rcx
   281                                          jmp     %%inicio
   282                                  %%fin:
   283                                  %endmacro
   284                                  %macro  limpiar 0
   285                                          mov     rdi,    cmd_clear
   286                                          sub     rsp,    8
   287                                          call    system
   288                                          add     rsp,    8
   289                                  %endmacro
   290                                  ;ejecuta la instruccion ingresada => %1 : opcion ingresada, %2 : opcion
   291                                  %macro ejecutar_intruccion 1
   292                                          mov     bl,    [opcion_ingresada]
   293                                          mov     al,   104       ; codigo h
   294                                          cmp     al,    bl
   295                                          je      final_juego             ;salir
   296                                  
   297                                          mov     al,    49       ; codigo 1
   298                                          cmp     al,    bl
   299                                          je      %%arriba                ;mismo tablero
   300                                  
   301                                          mov     al,    50       ;codigo 2
   302                                          cmp     al,    bl
   303                                          je      %%izquierda
   304                                  
   305                                          mov     al,    51       ;codigo 3
   306                                          cmp     al,    bl
   307                                          je      %%derecha               ;rotar derecha
   308                                  
   309                                          mov     al,    52       ;codigo 4
   310                                          cmp     al,    bl
   311                                          je      %%abajo                 ;rotar abajo
   312                                          jmp     %%incorrecto
   313                                  %%incorrecto:
   314                                          limpiar
   315                                          imprimir_opcion        opcion_incorrecta
   316                                          jmp     pedir_tablero
   317                                  %%arriba:
   318                                          copiar_matriz           matriz
   319                                          jmp     %%fin
   320                                  %%derecha:
   321                                          rotar_derecha           matriz, tablero
   322                                          jmp     %%fin
   323                                  %%abajo:
   324                                          tablero_vertical        matriz, tablero
   325                                          jmp     %%fin
   326                                  %%izquierda:
   327                                          rotar_derecha           matriz, tablero_rotacion_derecha
   328                                          tablero_vertical          tablero_rotacion_derecha,tablero
   329                                          jmp     %%fin
   330                                  %%fin:
   331                                  
   332                                  %endmacro
   333                                  
   334                                  ; => %1 : 
   335                                  %macro leer_entrada 0
   336                                          sub     rsp,    8 
   337                                          mov     rdi,    formato_Caracter
   338                                          mov     rsi,     opcion_ingresada
   339                                          call    scanf           ; espera a que ingreses una opcion
   340                                          add     rsp,    8 
   341                                  %endmacro
   342                                  
   343                                  section .text
   344                                  main:
   345                                  pedir_tablero:
   346                                          imprimir_opcion         cadena_pedir
   138 00000000 48BF-               <1>  mov rdi,%1
   138 00000002 [2301000000000000]  <1>
   139 0000000A 4883EC08            <1>  sub rsp, 8
   140 0000000E E8(00000000)        <1>  call puts
   141 00000013 4883C408            <1>  add rsp, 8
   347                                          imprimir_opcion         tablero_normal
   138 00000017 48BF-               <1>  mov rdi,%1
   138 00000019 [5D01000000000000]  <1>
   139 00000021 4883EC08            <1>  sub rsp, 8
   140 00000025 E8(00000000)        <1>  call puts
   141 0000002A 4883C408            <1>  add rsp, 8
   348                                          imprimir_opcion         tablero_abajo
   138 0000002E 48BF-               <1>  mov rdi,%1
   138 00000030 [DC01000000000000]  <1>
   139 00000038 4883EC08            <1>  sub rsp, 8
   140 0000003C E8(00000000)        <1>  call puts
   141 00000041 4883C408            <1>  add rsp, 8
   349                                          imprimir_opcion         tablero_derecha
   138 00000045 48BF-               <1>  mov rdi,%1
   138 00000047 [AC01000000000000]  <1>
   139 0000004F 4883EC08            <1>  sub rsp, 8
   140 00000053 E8(00000000)        <1>  call puts
   141 00000058 4883C408            <1>  add rsp, 8
   350                                          imprimir_opcion         tablero_izquierda
   138 0000005C 48BF-               <1>  mov rdi,%1
   138 0000005E [7A01000000000000]  <1>
   139 00000066 4883EC08            <1>  sub rsp, 8
   140 0000006A E8(00000000)        <1>  call puts
   141 0000006F 4883C408            <1>  add rsp, 8
   351                                          leer_entrada  
   336 00000073 4883EC08            <1>  sub rsp, 8
   337 00000077 48BF-               <1>  mov rdi, formato_Caracter
   337 00000079 [6103000000000000]  <1>
   338 00000081 48BE-               <1>  mov rsi, opcion_ingresada
   338 00000083 [0200000000000000]  <1>
   339 0000008B E8(00000000)        <1>  call scanf
   340 00000090 4883C408            <1>  add rsp, 8
   352                                          ejecutar_intruccion     opcion_ingresada
   292 00000094 8A1C25[02000000]    <1>  mov bl, [opcion_ingresada]
   293 0000009B B068                <1>  mov al, 104
   294 0000009D 38D8                <1>  cmp al, bl
   295 0000009F 0F8419050000        <1>  je final_juego
   296                              <1> 
   297 000000A5 B031                <1>  mov al, 49
   298 000000A7 38D8                <1>  cmp al, bl
   299 000000A9 744F                <1>  je %%arriba
   300                              <1> 
   301 000000AB B032                <1>  mov al, 50
   302 000000AD 38D8                <1>  cmp al, bl
   303 000000AF 0F8426010000        <1>  je %%izquierda
   304                              <1> 
   305 000000B5 B033                <1>  mov al, 51
   306 000000B7 38D8                <1>  cmp al, bl
   307 000000B9 7460                <1>  je %%derecha
   308                              <1> 
   309 000000BB B034                <1>  mov al, 52
   310 000000BD 38D8                <1>  cmp al, bl
   311 000000BF 0F84E2000000        <1>  je %%abajo
   312 000000C5 EB00                <1>  jmp %%incorrecto
   313                              <1> %%incorrecto:
   314                              <1>  limpiar
   285 000000C7 48BF-               <2>  mov rdi, cmd_clear
   285 000000C9 [6803000000000000]  <2>
   286 000000D1 4883EC08            <2>  sub rsp, 8
   287 000000D5 E8(00000000)        <2>  call system
   288 000000DA 4883C408            <2>  add rsp, 8
   315                              <1>  imprimir_opcion opcion_incorrecta
   138 000000DE 48BF-               <2>  mov rdi,%1
   138 000000E0 [3C01000000000000]  <2>
   139 000000E8 4883EC08            <2>  sub rsp, 8
   140 000000EC E8(00000000)        <2>  call puts
   141 000000F1 4883C408            <2>  add rsp, 8
   316 000000F5 E906FFFFFF          <1>  jmp pedir_tablero
   317                              <1> %%arriba:
   318                              <1>  copiar_matriz matriz
   274 000000FA B900000000          <2>  mov rcx, 0
   275                              <2> %%inicio:
   276 000000FF 4883F931            <2>  cmp rcx, 49
   277 00000103 7F11                <2>  jg %%fin
   278 00000105 8A81[F2000000]      <2>  mov al, [%1+ rcx]
   279 0000010B 8881[03000000]      <2>  mov [tablero+rcx], al
   280 00000111 48FFC1              <2>  inc rcx
   281 00000114 EBE9                <2>  jmp %%inicio
   282                              <2> %%fin:
   319 00000116 E978010000          <1>  jmp %%fin
   320                              <1> %%derecha:
   321                              <1>  rotar_derecha matriz, tablero
    76 0000011B C60425[00000000]01  <2>  mov BYTE [i], 1
    77 00000123 C60425[01000000]01  <2>  mov BYTE [j], 1
    78                              <2> %%inicio:
    79 0000012B 803C25[00000000]07  <2>  cmp BYTE [i], CANT_FIL
    80 00000133 7F6D                <2>  jg %%aca
    81                              <2> 
    82 00000135 803C25[01000000]07  <2>  cmp BYTE [j], CANT_COL
    83 0000013D 7F52                <2>  jg %%cambioFila
    84                              <2> 
    85                              <2>  calcular_direccion_de_una_posicion j,i,CANT_COL
    10 0000013F 480FB60425-         <3>  movzx rax, BYTE [%1]
    10 00000144 [01000000]          <3>
    11 00000148 FEC8                <3>  dec al
    12 0000014A 486BC007            <3>  imul rax, %3
    13 0000014E 480FB61C25-         <3>  movzx rbx, BYTE [%2]
    13 00000153 [00000000]          <3>
    14 00000157 4801D8              <3>  add rax, rbx
    15 0000015A FEC8                <3>  dec al
    86 0000015C 480FB690[F2000000]  <2>  movzx rdx, BYTE [%1 + rax]
    87                              <2> 
    88                              <2>  calcular_direccion_de_una_posicion i,j, CANT_COL
    10 00000164 480FB60425-         <3>  movzx rax, BYTE [%1]
    10 00000169 [00000000]          <3>
    11 0000016D FEC8                <3>  dec al
    12 0000016F 486BC007            <3>  imul rax, %3
    13 00000173 480FB61C25-         <3>  movzx rbx, BYTE [%2]
    13 00000178 [01000000]          <3>
    14 0000017C 4801D8              <3>  add rax, rbx
    15 0000017F FEC8                <3>  dec al
    89 00000181 488990[03000000]    <2>  mov [%2 + rax], rdx
    90                              <2> 
    91 00000188 FE0425[01000000]    <2>  inc BYTE [j]
    92 0000018F EB9A                <2>  jmp %%inicio
    93                              <2> 
    94                              <2> %%cambioFila:
    95 00000191 FE0425[00000000]    <2>  inc BYTE [i]
    96 00000198 C60425[01000000]01  <2>  mov BYTE [j], 1
    97 000001A0 EB89                <2>  jmp %%inicio
    98                              <2> %%aca:
   322 000001A2 E9EC000000          <1>  jmp %%fin
   323                              <1> %%abajo:
   324                              <1>  tablero_vertical matriz, tablero
   249 000001A7 BF00000000          <2>  mov rdi, 0
   250 000001AC BE30000000          <2>  mov rsi, 48
   251                              <2> %%espejo:
   252 000001B1 4839F7              <2>  cmp rdi, rsi
   253 000001B4 7F20                <2>  jg %%fin_tablero_espejo
   254 000001B6 8A87[F2000000]      <2>  mov al, [%1 + rdi]
   255 000001BC 8A96[F2000000]      <2>  mov dl, [%1 + rsi]
   256                              <2> 
   257 000001C2 8897[03000000]      <2>  mov [%2 + rdi], dl
   258 000001C8 8886[03000000]      <2>  mov [%2 + rsi], al
   259                              <2> 
   260 000001CE 48FFC7              <2>  inc rdi
   261 000001D1 48FFCE              <2>  dec rsi
   262 000001D4 EBDB                <2>  jmp %%espejo
   263                              <2> 
   264                              <2> %%fin_tablero_espejo:
   325 000001D6 E9B8000000          <1>  jmp %%fin
   326                              <1> %%izquierda:
   327                              <1>  rotar_derecha matriz, tablero_rotacion_derecha
    76 000001DB C60425[00000000]01  <2>  mov BYTE [i], 1
    77 000001E3 C60425[01000000]01  <2>  mov BYTE [j], 1
    78                              <2> %%inicio:
    79 000001EB 803C25[00000000]07  <2>  cmp BYTE [i], CANT_FIL
    80 000001F3 7F6D                <2>  jg %%aca
    81                              <2> 
    82 000001F5 803C25[01000000]07  <2>  cmp BYTE [j], CANT_COL
    83 000001FD 7F52                <2>  jg %%cambioFila
    84                              <2> 
    85                              <2>  calcular_direccion_de_una_posicion j,i,CANT_COL
    10 000001FF 480FB60425-         <3>  movzx rax, BYTE [%1]
    10 00000204 [01000000]          <3>
    11 00000208 FEC8                <3>  dec al
    12 0000020A 486BC007            <3>  imul rax, %3
    13 0000020E 480FB61C25-         <3>  movzx rbx, BYTE [%2]
    13 00000213 [00000000]          <3>
    14 00000217 4801D8              <3>  add rax, rbx
    15 0000021A FEC8                <3>  dec al
    86 0000021C 480FB690[F2000000]  <2>  movzx rdx, BYTE [%1 + rax]
    87                              <2> 
    88                              <2>  calcular_direccion_de_una_posicion i,j, CANT_COL
    10 00000224 480FB60425-         <3>  movzx rax, BYTE [%1]
    10 00000229 [00000000]          <3>
    11 0000022D FEC8                <3>  dec al
    12 0000022F 486BC007            <3>  imul rax, %3
    13 00000233 480FB61C25-         <3>  movzx rbx, BYTE [%2]
    13 00000238 [01000000]          <3>
    14 0000023C 4801D8              <3>  add rax, rbx
    15 0000023F FEC8                <3>  dec al
    89 00000241 488990[65000000]    <2>  mov [%2 + rax], rdx
    90                              <2> 
    91 00000248 FE0425[01000000]    <2>  inc BYTE [j]
    92 0000024F EB9A                <2>  jmp %%inicio
    93                              <2> 
    94                              <2> %%cambioFila:
    95 00000251 FE0425[00000000]    <2>  inc BYTE [i]
    96 00000258 C60425[01000000]01  <2>  mov BYTE [j], 1
    97 00000260 EB89                <2>  jmp %%inicio
    98                              <2> %%aca:
   328                              <1>  tablero_vertical tablero_rotacion_derecha,tablero
   249 00000262 BF00000000          <2>  mov rdi, 0
   250 00000267 BE30000000          <2>  mov rsi, 48
   251                              <2> %%espejo:
   252 0000026C 4839F7              <2>  cmp rdi, rsi
   253 0000026F 7F20                <2>  jg %%fin_tablero_espejo
   254 00000271 8A87[65000000]      <2>  mov al, [%1 + rdi]
   255 00000277 8A96[65000000]      <2>  mov dl, [%1 + rsi]
   256                              <2> 
   257 0000027D 8897[03000000]      <2>  mov [%2 + rdi], dl
   258 00000283 8886[03000000]      <2>  mov [%2 + rsi], al
   259                              <2> 
   260 00000289 48FFC7              <2>  inc rdi
   261 0000028C 48FFCE              <2>  dec rsi
   262 0000028F EBDB                <2>  jmp %%espejo
   263                              <2> 
   264                              <2> %%fin_tablero_espejo:
   329 00000291 EB00                <1>  jmp %%fin
   330                              <1> %%fin:
   331                              <1> 
   353                                          limpiar
   285 00000293 48BF-               <1>  mov rdi, cmd_clear
   285 00000295 [6803000000000000]  <1>
   286 0000029D 4883EC08            <1>  sub rsp, 8
   287 000002A1 E8(00000000)        <1>  call system
   288 000002A6 4883C408            <1>  add rsp, 8
   354                                          imprimir_matriz         tablero
   103 000002AA C60425[00000000]01  <1>  mov BYTE [i], 1
   104 000002B2 C60425[01000000]01  <1>  mov BYTE [j], 1
   105                              <1>  imprimir_opcion linea_arriba
   138 000002BA 48BF-               <2>  mov rdi,%1
   138 000002BC [0000000000000000]  <2>
   139 000002C4 4883EC08            <2>  sub rsp, 8
   140 000002C8 E8(00000000)        <2>  call puts
   141 000002CD 4883C408            <2>  add rsp, 8
   106                              <1>  imprimir linea_vertical
   144 000002D1 48BF-               <2>  mov rdi,%1
   144 000002D3 [E400000000000000]  <2>
   145 000002DB 4883EC08            <2>  sub rsp, 8
   146 000002DF E8(00000000)        <2>  call printf
   147 000002E4 4883C408            <2>  add rsp, 8
   107                              <1> 
   108                              <1> %%inicio:
   109 000002E8 803C25[00000000]07  <1>  cmp BYTE [i], CANT_FIL
   110 000002F0 0F8FAB000000        <1>  jg %%fin
   111 000002F6 803C25[01000000]07  <1>  cmp BYTE [j], CANT_COL
   112 000002FE 7F48                <1>  jg %%cambioFila
   113                              <1>  calcular_direccion_de_una_posicion i,j,CANT_COL
    10 00000300 480FB60425-         <2>  movzx rax, BYTE [%1]
    10 00000305 [00000000]          <2>
    11 00000309 FEC8                <2>  dec al
    12 0000030B 486BC007            <2>  imul rax, %3
    13 0000030F 480FB61C25-         <2>  movzx rbx, BYTE [%2]
    13 00000314 [01000000]          <2>
    14 00000318 4801D8              <2>  add rax, rbx
    15 0000031B FEC8                <2>  dec al
   114                              <1> 
   115 0000031D 480FB690[03000000]  <1>  movzx rdx, BYTE [%1 + rax]
   116                              <1> 
   117 00000325 4883EC08            <1>  sub rsp, 8
   118 00000329 48BF-               <1>  mov rdi, formato
   118 0000032B [E900000000000000]  <1>
   119 00000333 4889D6              <1>  mov rsi, rdx
   120 00000336 E8(00000000)        <1>  call printf
   121 0000033B 4883C408            <1>  add rsp, 8
   122                              <1> 
   123 0000033F FE0425[01000000]    <1>  inc BYTE [j]
   124 00000346 EBA0                <1>  jmp %%inicio
   125                              <1> 
   126                              <1> %%cambioFila:
   127                              <1>  imprimir linea_vertical
   144 00000348 48BF-               <2>  mov rdi,%1
   144 0000034A [E400000000000000]  <2>
   145 00000352 4883EC08            <2>  sub rsp, 8
   146 00000356 E8(00000000)        <2>  call printf
   147 0000035B 4883C408            <2>  add rsp, 8
   128                              <1>  imprimir saltoLinea
   144 0000035F 48BF-               <2>  mov rdi,%1
   144 00000361 [F000000000000000]  <2>
   145 00000369 4883EC08            <2>  sub rsp, 8
   146 0000036D E8(00000000)        <2>  call printf
   147 00000372 4883C408            <2>  add rsp, 8
   129                              <1>  imprimir linea_vertical
   144 00000376 48BF-               <2>  mov rdi,%1
   144 00000378 [E400000000000000]  <2>
   145 00000380 4883EC08            <2>  sub rsp, 8
   146 00000384 E8(00000000)        <2>  call printf
   147 00000389 4883C408            <2>  add rsp, 8
   130                              <1> 
   131 0000038D FE0425[00000000]    <1>  inc BYTE [i]
   132 00000394 C60425[01000000]01  <1>  mov BYTE [j], 1
   133 0000039C E947FFFFFF          <1>  jmp %%inicio
   134                              <1> %%fin:
   135                              <1>  imprimir_opcion linea_abajo
   138 000003A1 48BF-               <2>  mov rdi,%1
   138 000003A3 [7400000000000000]  <2>
   139 000003AB 4883EC08            <2>  sub rsp, 8
   140 000003AF E8(00000000)        <2>  call puts
   141 000003B4 4883C408            <2>  add rsp, 8
   355                                  inicio_juego:
   356                                  
   357                                  
   358                                          ;imprimir_opcion      cadena_pedir
   359                                          imprimir_pos_validas    7,3       ; bucas las posiciones validas para las coordenadas (x,y) en este cado (7,3)
   151                              <1>  imprimir_opcion opcion_salir
   138 000003B8 48BF-               <2>  mov rdi,%1
   138 000003BA [0002000000000000]  <2>
   139 000003C2 4883EC08            <2>  sub rsp, 8
   140 000003C6 E8(00000000)        <2>  call puts
   141 000003CB 4883C408            <2>  add rsp, 8
   152 000003CF C60425[00000000]FF  <1>  mov BYTE [i], -1
   153 000003D7 C60425[01000000]FF  <1>  mov BYTE [j], -1
   154 000003DF 41B407              <1>  mov r12B, %1
   155 000003E2 41B503              <1>  mov r13B, %2
   156 000003E5 44882425[C7000000]  <1>  mov [x], r12B
   157 000003ED 44882C25[C8000000]  <1>  mov [y], r13B
   158                              <1> %%filas:
   159 000003F5 803C25[00000000]01  <1>  cmp BYTE [i], 1
   160 000003FD 0F8FBB010000        <1>  jg %%fin
   161                              <1> 
   162 00000403 44882425[C7000000]  <1>  mov [x], r12B
   163 0000040B 448A0425[00000000]  <1>  mov r8B, [i]
   164 00000413 44000425[C7000000]  <1>  add [x], r8B
   165                              <1> %%columnas:
   166 0000041B 44882C25[C8000000]  <1>  mov [y], r13B
   167 00000423 448A0425[01000000]  <1>  mov r8B, [j]
   168 0000042B 44000425[C8000000]  <1>  add [y], r8B
   169                              <1> 
   170                              <1>  calcular_direccion_de_una_posicion x,y,CANT_COL
    10 00000433 480FB60425-         <2>  movzx rax, BYTE [%1]
    10 00000438 [C7000000]          <2>
    11 0000043C FEC8                <2>  dec al
    12 0000043E 486BC007            <2>  imul rax, %3
    13 00000442 480FB61C25-         <2>  movzx rbx, BYTE [%2]
    13 00000447 [C8000000]          <2>
    14 0000044B 4801D8              <2>  add rax, rbx
    15 0000044E FEC8                <2>  dec al
   171 00000450 B911000000          <1>  mov rcx, 17
   172                              <1> %%posiciones_invalidas:
   173 00000455 4C0FB681[6E030000]  <1>  movzx r8, BYTE [dirrecciones_invalidas+rcx]
   174 0000045D 4C39C0              <1>  cmp rax, r8
   175 00000460 7411                <1>  je %%continuar
   176 00000462 E2F1                <1>  loop %%posiciones_invalidas
   177                              <1> 
   178 00000464 8A1425[67030000]    <1>  mov dl, [pos_vacia]
   179 0000046B 3890[F2000000]      <1>  cmp BYTE [matriz+ rax], dl
   180 00000471 7425                <1>  je %%pos_valida
   181                              <1> %%continuar:
   182 00000473 FE0425[01000000]    <1>  inc BYTE [j]
   183 0000047A 803C25[01000000]01  <1>  cmp BYTE [j], 1
   184 00000482 7E97                <1>  jle %%columnas
   185 00000484 FE0425[00000000]    <1>  inc BYTE [i]
   186 0000048B C60425[01000000]FF  <1>  mov BYTE [j], -1
   187 00000493 E95DFFFFFF          <1>  jmp %%filas
   188                              <1> 
   189                              <1> 
   190                              <1> %%pos_valida:
   191 00000498 44382425[C7000000]  <1>  cmp [x], r12B
   192 000004A0 7C22                <1>  jl %%fila_menor
   193 000004A2 7410                <1>  je %%fila_igual
   194 000004A4 7F00                <1>  jg %%fila_mayor
   195                              <1> 
   196                              <1> %%fila_mayor:
   197 000004A6 44382C25[C8000000]  <1>  cmp [y], r13B
   198 000004AE 7F2E                <1>  jg %%poner_inf_derecha
   199 000004B0 7448                <1>  je %%poner_inf_abajo
   200 000004B2 7C62                <1>  jl %%poner_inf_izquierda
   201                              <1> 
   202                              <1> %%fila_igual:
   203 000004B4 44382C25[C8000000]  <1>  cmp [y], r13B
   204 000004BC 0F8C8C000000        <1>  jl %%poner_izquierda
   205 000004C2 7F6E                <1>  jg %%poner_derecha
   206                              <1> 
   207                              <1> %%fila_menor:
   208 000004C4 44382C25[C8000000]  <1>  cmp [y], r13B
   209 000004CC 0F8FD0000000        <1>  jg %%poner_sup_derecha
   210 000004D2 0F84AE000000        <1>  je %%poner_sup_arriba
   211 000004D8 0F8C8C000000        <1>  jl %%poner_sup_izquierda
   212                              <1> 
   213                              <1> %%poner_inf_derecha:
   214                              <1>  imprimir_opcion opcion_inf_derecha
   138 000004DE 48BF-               <2>  mov rdi,%1
   138 000004E0 [C102000000000000]  <2>
   139 000004E8 4883EC08            <2>  sub rsp, 8
   140 000004EC E8(00000000)        <2>  call puts
   141 000004F1 4883C408            <2>  add rsp, 8
   215 000004F5 E979FFFFFF          <1>  jmp %%continuar
   216                              <1> %%poner_inf_abajo:
   217                              <1>  imprimir_opcion opcion_abajo
   138 000004FA 48BF-               <2>  mov rdi,%1
   138 000004FC [2D02000000000000]  <2>
   139 00000504 4883EC08            <2>  sub rsp, 8
   140 00000508 E8(00000000)        <2>  call puts
   141 0000050D 4883C408            <2>  add rsp, 8
   218 00000511 E95DFFFFFF          <1>  jmp %%continuar
   219                              <1> 
   220                              <1> %%poner_inf_izquierda:
   221                              <1>  imprimir_opcion opcion_inf_izquierda
   138 00000516 48BF-               <2>  mov rdi,%1
   138 00000518 [8D02000000000000]  <2>
   139 00000520 4883EC08            <2>  sub rsp, 8
   140 00000524 E8(00000000)        <2>  call puts
   141 00000529 4883C408            <2>  add rsp, 8
   222 0000052D E941FFFFFF          <1>  jmp %%continuar
   223                              <1> 
   224                              <1> %%poner_derecha:
   225                              <1>  imprimir_opcion opcion_derecha
   138 00000532 48BF-               <2>  mov rdi,%1
   138 00000534 [4802000000000000]  <2>
   139 0000053C 4883EC08            <2>  sub rsp, 8
   140 00000540 E8(00000000)        <2>  call puts
   141 00000545 4883C408            <2>  add rsp, 8
   226 00000549 E925FFFFFF          <1>  jmp %%continuar
   227                              <1> 
   228                              <1> %%poner_izquierda:
   229                              <1>  imprimir_opcion opcion_izquierda
   138 0000054E 48BF-               <2>  mov rdi,%1
   138 00000550 [6902000000000000]  <2>
   139 00000558 4883EC08            <2>  sub rsp, 8
   140 0000055C E8(00000000)        <2>  call puts
   141 00000561 4883C408            <2>  add rsp, 8
   230 00000565 E909FFFFFF          <1>  jmp %%continuar
   231                              <1> 
   232                              <1> %%poner_sup_izquierda:
   233                              <1>  imprimir_opcion opcion_sup_izquierda
   138 0000056A 48BF-               <2>  mov rdi,%1
   138 0000056C [2B03000000000000]  <2>
   139 00000574 4883EC08            <2>  sub rsp, 8
   140 00000578 E8(00000000)        <2>  call puts
   141 0000057D 4883C408            <2>  add rsp, 8
   234 00000581 E9EDFEFFFF          <1>  jmp %%continuar
   235                              <1> 
   236                              <1> %%poner_sup_arriba:
   237                              <1>  imprimir_opcion opcion_arriba
   138 00000586 48BF-               <2>  mov rdi,%1
   138 00000588 [1202000000000000]  <2>
   139 00000590 4883EC08            <2>  sub rsp, 8
   140 00000594 E8(00000000)        <2>  call puts
   141 00000599 4883C408            <2>  add rsp, 8
   238 0000059D E9D1FEFFFF          <1>  jmp %%continuar
   239                              <1> 
   240                              <1> %%poner_sup_derecha:
   241                              <1>  imprimir_opcion opcion_sup_derecha
   138 000005A2 48BF-               <2>  mov rdi,%1
   138 000005A4 [F702000000000000]  <2>
   139 000005AC 4883EC08            <2>  sub rsp, 8
   140 000005B0 E8(00000000)        <2>  call puts
   141 000005B5 4883C408            <2>  add rsp, 8
   242 000005B9 E9B5FEFFFF          <1>  jmp %%continuar
   243                              <1> 
   244                              <1> %%fin:
   360                                  
   361                                          ;leer_entrada      
   362                                          ;ejecutar_intruccion     opcion_ingresada
   363                                  final_juego:
   364 000005BE C3                              ret
   365                                  
   366                                  
   367                                  
   368                                  
   369                                  
